// Jest Snapshot v1, https://goo.gl/fbAQLP

exports[`unit/Deposits #onERC721Received on successful transfer with staking data has gas cost 1`] = `204957`;

exports[`unit/Deposits #transferDeposit has gas cost 1`] = `29222`;

exports[`unit/Deposits #withdrawToken works and has gas cost 1`] = `90764`;
